#-----------------------------------------------------------
# Webtalk v2019.2 (64-bit)
# SW Build 2708876 on Wed Nov  6 21:40:23 MST 2019
# IP Build 2700528 on Thu Nov  7 00:09:20 MST 2019
# Start of session at: Mon Feb 15 23:05:27 2021
# Process ID: 33424
# Current directory: D:/Users/Sander/Documents/GitHub/ECE4304_SPRING_2021_GROUP_E/Lab2_17_Feb_2021/Lab2_17_Feb_2021.sim/sim_1/behav/xsim
# Command line: wbtcv.exe -mode batch -source D:/Users/Sander/Documents/GitHub/ECE4304_SPRING_2021_GROUP_E/Lab2_17_Feb_2021/Lab2_17_Feb_2021.sim/sim_1/behav/xsim/xsim.dir/decoder5x32_tb_txtio_behav/webtalk/xsim_webtalk.tcl -notrace
# Log file: D:/Users/Sander/Documents/GitHub/ECE4304_SPRING_2021_GROUP_E/Lab2_17_Feb_2021/Lab2_17_Feb_2021.sim/sim_1/behav/xsim/webtalk.log
# Journal file: D:/Users/Sander/Documents/GitHub/ECE4304_SPRING_2021_GROUP_E/Lab2_17_Feb_2021/Lab2_17_Feb_2021.sim/sim_1/behav/xsim\webtalk.jou
#-----------------------------------------------------------
source D:/Users/Sander/Documents/GitHub/ECE4304_SPRING_2021_GROUP_E/Lab2_17_Feb_2021/Lab2_17_Feb_2021.sim/sim_1/behav/xsim/xsim.dir/decoder5x32_tb_txtio_behav/webtalk/xsim_webtalk.tcl -notrace
